beforePush.sh: line 18: Canonical local pre-push validation gate (Linux/macOS/Bash wrapper).

ONE canonical implementation lives in scripts/ci/check_local.py; the
platform scripts (this file and beforePush.ps1) are thin wrappers that
resolve the repository Python interpreter and delegate. The validation
LOGIC (ruff lint/format, mypy, critical-suite manifest, push contract)
is intentionally NOT duplicated here — see docs/LOCAL_QUALITY_GATE.md.

Optional passthrough args are forwarded verbatim:
    ./beforePush.sh --all      # whole-tree scope
    ./beforePush.sh --staged   # staged files only
    ./beforePush.sh --fix      # safe mechanical fixes
    ./beforePush.sh --json     # machine-readable envelope
    ./beforePush.sh --prepush  # canonical push-time contract (default
                               # behavior is already push-scope)
Exit codes mirror check_local.py: 0 pass, 1 failure, 2 usage/config error.
: No such file or directory
--- ruff_lint output (tail) ---
dow_recorder.py:88:18: F821 Undefined name `contextlib`
src\nexus_scalp\application\live\shadow_recorder.py:105:33: F821 Undefined name `np`
src\nexus_scalp\application\live\shadow_recorder.py:105:87: F821 Undefined name `np`
src\nexus_scalp\application\live\shadow_recorder.py:106:33: F821 Undefined name `np`
src\nexus_scalp\application\live\shadow_recorder.py:106:87: F821 Undefined name `np`
src\nexus_scalp\application\live\shadow_recorder.py:107:32: F821 Undefined name `np`
src\nexus_scalp\application\live\shadow_recorder.py:107:85: F821 Undefined name `np`
src\nexus_scalp\application\live\shadow_recorder.py:108:34: F821 Undefined name `np`
src\nexus_scalp\application\live\shadow_recorder.py:108:89: F821 Undefined name `np`
src\nexus_scalp\application\live\shadow_recorder.py:109:32: F821 Undefined name `np`
src\nexus_scalp\application\live\shadow_recorder.py:111:35: F821 Undefined name `np`
src\nexus_scalp\application\live\shadow_recorder.py:189:15: F821 Undefined name `TickData`
src\nexus_scalp\application\live\shadow_recorder.py:191:19: F821 Undefined name `TradeProposal`
src\nexus_scalp\application\live_engine.py:5568:9: F821 Undefined name `ShadowRecorder`
src\nexus_scalp\application\live_engine.py:5577:9: F821 Undefined name `ShadowRecorder`
src\nexus_scalp\execution\order_manager.py:31:25: F401 [*] `collections.deque` imported but unused
src\nexus_scalp\model_lifecycle\champion_metrics.py:49:7: N818 Exception name `ChampionMetricsUnavailable` should be named with an Error suffix
src\nexus_scalp\model_lifecycle\dataset_snapshot.py:24:8: F401 [*] `hashlib` imported but unused
src\nexus_scalp\model_lifecycle\dataset_snapshot.py:25:8: F401 [*] `json` imported but unused
src\nexus_scalp\model_lifecycle\dataset_snapshot.py:49:7: N818 Exception name `DatasetSnapshotMissing` should be named with an Error suffix
src\nexus_scalp\model_lifecycle\learning_cycle.py:38:18: F401 [*] `enum.StrEnum` imported but unused
Found 24 errors.
[*] 4 fixable with the `--fix` option.

--- ruff_format output (tail) ---
    return None
138 |         return metrics
139 |
140 |
    - def blocked_comparison(champion: ChampionModel, reason: str = "CHAMPION_METRICS_UNAVAILABLE") -> dict[str, Any]:
141 + def blocked_comparison(
142 +     champion: ChampionModel, reason: str = "CHAMPION_METRICS_UNAVAILABLE"
143 + ) -> dict[str, Any]:
144 |     """The contractually required BLOCKED verdict when metrics are absent."""
    |

unformatted: File would be reformatted
   --> src\nexus_scalp\model_lifecycle\dataset_snapshot.py:175:25
    |
174 |             existing_hash = str(existing.get("dataset_hash", "") or "")
    -             same_rows = existing.get("row_count") == dataset.sample_count and existing.get(
    -                 "config_hash"
    -             ) == dataset.config_hash
175 +             same_rows = (
176 +                 existing.get("row_count") == dataset.sample_count
177 +                 and existing.get("config_hash") == dataset.config_hash
178 +             )
179 |             if same_rows and existing_hash:
--------------------------------------------------------------------------------
206 |         )
    -         return {"path": handle["path"], "hash": handle["hash"], "manifest": manifest, "reused": False}
207 +         return {
208 +             "path": handle["path"],
209 +             "hash": handle["hash"],
210 +             "manifest": manifest,
211 +             "reused": False,
212 +         }
213 |
    |

unformatted: File would be reformatted
   --> src\nexus_scalp\model_lifecycle\learning_cycle.py:445:33
    |
444 |                 out["by_status"][str(r[0])] = int(r[1])
    -             out["active"] = sum(
    -                 c
    -                 for s, c in out["by_status"].items()
    -                 if s not in TERMINAL_STATES
    -             )
445 +             out["active"] = sum(c for s, c in out["by_status"].items() if s not in TERMINAL_STATES)
446 |             return out
    |

9 files would be reformatted, 26 files already formatted

--- mypy output (tail) ---
src\nexus_scalp\application\live\shadow_recorder.py:36: error: Name "TickData" is not defined  [name-defined]
src\nexus_scalp\application\live\shadow_recorder.py:38: error: Name "MarketRegimeState" is not defined  [name-defined]
src\nexus_scalp\application\live\shadow_recorder.py:39: error: Name "TradeProposal" is not defined  [name-defined]
src\nexus_scalp\application\live\shadow_recorder.py:88: error: Name "contextlib" is not defined  [name-defined]
src\nexus_scalp\application\live\shadow_recorder.py:105: error: Name "np" is not defined  [name-defined]
src\nexus_scalp\application\live\shadow_recorder.py:106: error: Name "np" is not defined  [name-defined]
src\nexus_scalp\application\live\shadow_recorder.py:107: error: Name "np" is not defined  [name-defined]
src\nexus_scalp\application\live\shadow_recorder.py:108: error: Name "np" is not defined  [name-defined]
src\nexus_scalp\application\live\shadow_recorder.py:109: error: Name "np" is not defined  [name-defined]
src\nexus_scalp\application\live\shadow_recorder.py:111: error: Name "np" is not defined  [name-defined]
src\nexus_scalp\application\live\shadow_recorder.py:189: error: Name "TickData" is not defined  [name-defined]
src\nexus_scalp\application\live\shadow_recorder.py:191: error: Name "TradeProposal" is not defined  [name-defined]
src\nexus_scalp\news\pro_auto.py:281: note: By default the bodies of untyped functions are not checked, consider using --check-untyped-defs  [annotation-unchecked]
src\nexus_scalp\web\server.py:2656: note: By default the bodies of untyped functions are not checked, consider using --check-untyped-defs  [annotation-unchecked]
src\nexus_scalp\application\live_engine.py:5568: error: Name "ShadowRecorder" is not defined  [name-defined]
src\nexus_scalp\application\live_engine.py:5577: error: Name "ShadowRecorder" is not defined  [name-defined]
Found 14 errors in 2 files (checked 514 source files)

